// Jest Snapshot v1, https://goo.gl/fbAQLP

exports[`<ProductAvailableInventory /> should match the snapshot 1`] = `
<DocumentFragment>
  <div
    class="availableInventoryContainer fl"
  >
    <span>
      Items Available: 100
    </span>
  </div>
</DocumentFragment>
`;
