// Jest Snapshot v1, https://goo.gl/fbAQLP

exports[`<ProductSummaryAvailableInventory /> should match the snapshot 1`] = `
<DocumentFragment>
  <div
    class="ProductSummaryAvailableInventoryWrapper"
  >
    <div
      class="availableInventoryContainer fl"
    >
      <span>
        Items Available: 0
      </span>
    </div>
  </div>
</DocumentFragment>
`;
